#
# $Id: russian.map,v 1.2 1998/07/11 21:04:34 mj Exp $
#
# Character set mapping table (to be compiled by charsetc)
#

#
# Russian
#
alias	x-cp866		cp866
alias	x-cp1251	cp1251
alias	koi8-u		koi8-r
alias	alt		cp866
alias	x-alt		cp866


# ----------------------------------------------------------------------------
#       Channel map for translation CP866 codes to KOI8-R codes
#	(Russian language)
#
table	cp866	koi8-r
map     \x80    \xE1
map     \x81    \xE2
map     \x82    \xF7
map     \x83    \xE7
map     \x84    \xE4
map     \x85    \xE5
map     \x86    \xF6
map     \x87    \xFA
map     \x88    \xE9
map     \x89    \xEA
map     \x8A    \xEB
map     \x8B    \xEC
map     \x8C    \xED
map     \x8D    \xEE
map     \x8E    \xEF
map     \x8F    \xF0
map     \x90    \xF2
map     \x91    \xF3
map     \x92    \xF4
map     \x93    \xF5
map     \x94    \xE6
map     \x95    \xE8
map     \x96    \xE3
map     \x97    \xFE
map     \x98    \xFB
map     \x99    \xFD
map     \x9A    \xFF
map     \x9B    \xF9
map     \x9C    \xF8
map     \x9D    \xFC
map     \x9E    \xE0
map     \x9F    \xF1
map     \xA0    \xC1
map     \xA1    \xC2
map     \xA2    \xD7
map     \xA3    \xC7
map     \xA4    \xC4
map     \xA5    \xC5
map     \xA6    \xD6
map     \xA7    \xDA
map     \xA8    \xC9
map     \xA9    \xCA
map     \xAA    \xCB
map     \xAB    \xCC
map     \xAC    \xCD
map     \xAD    \xCE
map     \xAE    \xCF
map     \xAF    \xD0
map     \xB0    \x80
map     \xB1    \x81
map     \xB2    \x82
map     \xB3    \x83
map     \xB4    \x84
map     \xB5    \x85
map     \xB6    \x86
map     \xB7    \x87
map     \xB8    \x88
map     \xB9    \x89
map     \xBB    \x8B
map     \xBC    \x8C
map     \xBD    \x8D
map     \xBE    \x8E
map     \xBF    \x8F
map     \xC0    \x90
map     \xC1    \x91
map     \xC2    \x92
map     \xC3    \x93
map     \xC4    \x94
map     \xC5    \x95
map     \xC6    \x96
map     \xC7    \x97
map     \xC8    \x98
map     \xC9    \x99
map     \xCA    \x9A
map     \xCB    \xBF
map     \xCC    \x9C
map     \xCD    \x9D
map     \xCE    \x9E
map     \xCF    \x9F
map     \xD0    \xB9
map     \xD1    \xA1
map     \xD2    \xA2
map     \xD3    \xB0
map     \xD4    \xA4
map     \xD5    \xA5
map     \xD6    \xA6
map     \xD7    \xA7
map     \xD8    \xA8
map     \xD9    \xA9
map     \xDA    \xAA
map     \xDB    \xAB
map     \xDC    \xAC
map     \xDD    \xAD
map     \xDE    \xAE
map     \xDF    \xAF
map     \xE0    \xD2
map     \xE1    \xD3
map     \xE2    \xD4
map     \xE3    \xD5
map     \xE4    \xC6
map     \xE5    \xC8
map     \xE6    \xC3
map     \xE7    \xDE
map     \xE8    \xDB
map     \xE9    \xDD
map     \xEA    \xDF
map     \xEB    \xD9
map     \xEC    \xD8
map     \xED    \xDC
map     \xEE    \xC0
map     \xEF    \xD1
map     \xF0    \xB3
map     \xF1    \xA3
map     \xF2    \xB2
map     \xF3    \xB1
map     \xF4    \xB4
map     \xF5    \xB5
map     \xF6    \xB6
map     \xF7    \xB7
map     \xF8    \xB8
map     \xF9    \xA0
map     \xFA    \x8A
map     \xFB    \xBB
map     \xFC    \xBC
map     \xFD    \xBD
map     \xFE    \xBE
map     \xFF    \x9B


# ----------------------------------------------------------------------------
#       Channel map for translation KOI8-R codes to CP866 codes
#	(Russian language)
#	Due to fidonet wieredness, capital Russian EN translates to 
#	latin 'H'.
#
table	koi8-r	cp866
map     \x80    \xB0
map     \x81    \xB1
map     \x82    \xB2
map     \x83    \xB3
map     \x84    \xB4
map     \x85    \xB5
map     \x86    \xB6
map     \x87    \xB7
map     \x88    \xB8
map     \x89    \xB9
map     \x8A    \xFA
map     \x8B    \xBB
map     \x8C    \xBC
map     \x8D    \xBD
map     \x8E    \xBE
map     \x8F    \xBF
map     \x90    \xC0
map     \x91    \xC1
map     \x92    \xC2
map     \x93    \xC3
map     \x94    \xC4
map     \x95    \xC5
map     \x96    \xC6
map     \x97    \xC7
map     \x98    \xC8
map     \x99    \xC9
map     \x9A    \xCA
map     \x9B    \xFF    # High-bit Escape to Rubout
map     \x9C    \xCC
map     \x9D    \xCD
map     \x9E    \xCE
map     \x9F    \xCF
map     \xA0    \xD0
map     \xA1    \xD1
map     \xA2    \xD2
map     \xA3    \xF1    # yo
map     \xA4    \xD4
map     \xA5    \xD5
map     \xA6    \xD6
map     \xA7    \xD7
map     \xA8    \xD8
map     \xA9    \xD9
map     \xAA    \xDA
map     \xAB    \xDB
map     \xAC    \xDC
map     \xAD    \xDD
map     \xAE    \xDE
map     \xAF    \xDF
map     \xB0    \xD3    # Changed, because yo
map     \xB1    \xF3    #
map     \xB2    \xF2
map     \xB3    \xF0    # YO
map     \xB4    \xF4
map     \xB5    \xF5
map     \xB6    \xF6
map     \xB7    \xF7
map     \xB8    \xF8
map     \xB9    \xD0
#map    \xBA    \xFA
map     \xBB    \xFB
map     \xBC    \xFC
map     \xBD    \xFD
map     \xBE    \xFE
map     \xBF    \xCB    #
map     \xC0    \xEE    # yu
map     \xC1    \xA0    # a
map     \xC2    \xA1    # b
map     \xC3    \xE6    # c
map     \xC4    \xA4    # d
map     \xC5    \xA5    # e
map     \xC6    \xE4    # f
map     \xC7    \xA3    # g
map     \xC8    \xE5    # h
map     \xC9    \xA8    # i
map     \xCA    \xA9    # iy
map     \xCB    \xAA    # k
map     \xCC    \xAB    # l
map     \xCD    \xAC    # m
map     \xCE    \xAD    # n
map     \xCF    \xAE    # o
map     \xD0    \xAF    # p
map     \xD1    \xEF    # ya
map     \xD2    \xE0    # r
map     \xD3    \xE1    # s
map     \xD4    \xE2    # t
map     \xD5    \xE3    # u
map     \xD6    \xA6    # zh
map     \xD7    \xA2    # v
map     \xD8    \xEC    # m znak
map     \xD9    \xEB    # y
map     \xDA    \xA7    # z
map     \xDB    \xE8    # sh
map     \xDC    \xED    # ae
map     \xDD    \xE9    # sch
map     \xDE    \xE7    # ch
map     \xDF    \xEA    # t znak
map     \xE0    \x9E    # YU
map     \xE1    \x80    # A
map     \xE2    \x81    # B
map     \xE3    \x96    # C
map     \xE4    \x84    # D
map     \xE5    \x85    # E
map     \xE6    \x94    # F
map     \xE7    \x83    # G
map     \xE8    \x95    # H
map     \xE9    \x88    # I
map     \xEA    \x89    # IY
map     \xEB    \x8A    # K
map     \xEC    \x8B    # L
map     \xED    \x8C    # M
map     \xEE    \x48    #  changed for Fidonet \x8D    # N
map     \xEF    \x8E    # O
map     \xF0    \x8F    # P
map     \xF1    \x9F    # YA
map     \xF2    \x90    # R
map     \xF3    \x91    # S
map     \xF4    \x92    # T
map     \xF5    \x93    # U
map     \xF6    \x86    # ZH
map     \xF7    \x82    # V
map     \xF8    \x9C    # M znak
map     \xF9    \x9B    # Y
map     \xFA    \x87    # Z
map     \xFB    \x98    # SH
map     \xFC    \x9D    # AE
map     \xFD    \x99    # SCH
map     \xFE    \x97    # CH
map     \xFF    \x9A    # T znak


# ----------------------------------------------------------------------------
#       Channel map for translation CP866 codes to ISO-8859-5 codes
#	(Russian language)
#
table	cp866	iso-8859-5
map     \x80    \xF4
map     \x81    \xC3
map     \x82    \xF0
map     \x83    \xF6
map     \x84    \xF1
map     \x85    \xF5
map     \x86    \xF3
map     \x87    \xF2
map     \x88    \xB0
map     \x89    \xB1
map     \x8A    \xB2
map     \x8B    \xB3
map     \x8C    \xB4
map     \x8D    \xB5
map     \x8E    \xB6
map     \x8F    \xB7
map     \x90    \xB8
map     \x91    \xB9
map     \x92    \xBA
map     \x93    \xBB
map     \x94    \xBC
map     \x95    \xBD
map     \x96    \xBE
map     \x97    \xBF
map     \x98    \xC0
map     \x99    \xC1
map     \x9A    \xC2
map     \x9B    \xF7
map     \x9C    \xC4
map     \x9D    \xC5
map     \x9E    \xC6
map     \x9F    \xC7
map     \xA0    \xC8
map     \xA1    \xC9
map     \xA2    \xCA
map     \xA3    \xCB
map     \xA4    \xCC
map     \xA5    \xCD
map     \xA6    \xCE
map     \xA7    \xCF
map     \xA8    \xD0
map     \xA9    \xD1
map     \xAA    \xD2
map     \xAB    \xD3
map     \xAC    \xD4
map     \xAD    \xD5
map     \xAE    \xD6
map     \xAF    \xD7
map     \xB0    \x80
map     \xB1    \x81
map     \xB2    \x82
map     \xB3    \x83
map     \xB4    \x84
map     \xB5    \x85
map     \xB6    \x86
map     \xB7    \x87
map     \xB8    \x88
map     \xB9    \x89
map     \xBA    \x8A
map     \xBB    \x8B
map     \xBC    \x8C
map     \xBD    \x8D
map     \xBE    \x8E
map     \xBF    \x8F
map     \xC0    \x90
map     \xC1    \x91
map     \xC2    \x92
map     \xC3    \x93
map     \xC4    \x94
map     \xC5    \x95
map     \xC6    \x96
map     \xC7    \x97
map     \xC8    \x98
map     \xC9    \x99
map     \xCA    \x9A
map     \xCB    \x9B
map     \xCC    \x9C
map     \xCD    \x9D
map     \xCE    \x9E
map     \xCF    \x9F
map     \xD0    \xA0
map     \xD1    \xA1
map     \xD2    \xA2
map     \xD3    \xA3
map     \xD4    \xA4
map     \xD5    \xA5
map     \xD6    \xA6
map     \xD7    \xA7
map     \xD8    \xA8
map     \xD9    \xA9
map     \xDA    \xAA
map     \xDB    \xAB
map     \xDC    \xAC
map     \xDD    \xAD
map     \xDE    \xAE
map     \xDF    \xAF
map     \xE0    \xE0
map     \xE1    \xE1
map     \xE2    \xE2
map     \xE3    \xE3
map     \xE4    \xE4
map     \xE5    \xE5
map     \xE6    \xE6
map     \xE7    \xE7
map     \xE8    \xE8
map     \xE9    \xE9
map     \xEA    \xEA
map     \xEB    \xEB
map     \xEC    \xEC
map     \xED    \xED
map     \xEE    \xEE
map     \xEF    \xEF
map     \xF0    \xD8
map     \xF1    \xD9
map     \xF2    \xDA
map     \xF3    \xDB
map     \xF4    \xDC
map     \xF5    \xDD
map     \xF6    \xDE
map     \xF7    \xDF
map     \xF8    \xF8
map     \xF9    \xF9
map     \xFA    \xFA
map     \xFB    \xFB
map     \xFC    \xFC
map     \xFD    \xFD
map     \xFE    \xFE
map     \xFF    \xFF


# ----------------------------------------------------------------------------
#       Channel map for translation ISO-8859-5 codes to CP866 codes
#	(Russian language)
#	Due to fidonet wieredness, capital Russian EN translates to 
#	latin 'H'.
#
table	iso-8859-5	cp866
map     \x80    \xB0
map     \x81    \xB1
map     \x82    \xB2
map     \x83    \xB3
map     \x84    \xB4
map     \x85    \xB5
map     \x86    \xB6
map     \x87    \xB7
map     \x88    \xB8
map     \x89    \xB9
map     \x8A    \xBA
map     \x8B    \xBB
map     \x8C    \xBC
map     \x8D    \xBD
map     \x8E    \xBE
map     \x8F    \xBF
map     \x90    \xC0
map     \x91    \xC1
map     \x92    \xC2
map     \x93    \xC3
map     \x94    \xC4
map     \x95    \xC5
map     \x96    \xC6
map     \x97    \xC7
map     \x98    \xC8
map     \x99    \xC9
map     \x9A    \xCA
map     \x9B    \xCB
map     \x9C    \xCC
map     \x9D    \xCD
map     \x9E    \xCE
map     \x9F    \xCF
map     \xA0    \xD0
map     \xA1    \xD1
map     \xA2    \xD2
map     \xA3    \xD3
map     \xA4    \xD4
map     \xA5    \xD5
map     \xA6    \xD6
map     \xA7    \xD7
map     \xA8    \xD8
map     \xA9    \xD9
map     \xAA    \xDA
map     \xAB    \xDB
map     \xAC    \xDC
map     \xAD    \xDD
map     \xAE    \xDE
map     \xAF    \xDF
map     \xB0    \x88
map     \xB1    \x89
map     \xB2    \x8A
map     \xB3    \x8B
map     \xB4    \x8C
map     \xB5    \x48    #  changed for Fidonet \x8D    # N
map     \xB6    \x8E
map     \xB7    \x8F
map     \xB8    \x90
map     \xB9    \x91
map     \xBA    \x92
map     \xBB    \x93
map     \xBC    \x94
map     \xBD    \x95
map     \xBE    \x96
map     \xBF    \x97
map     \xC0    \x98
map     \xC1    \x99
map     \xC2    \x9A
map     \xC3    \x81
map     \xC4    \x9C
map     \xC5    \x9D
map     \xC6    \x9E
map     \xC7    \x9F
map     \xC8    \xA0
map     \xC9    \xA1
map     \xCA    \xA2
map     \xCB    \xA3
map     \xCC    \xA4
map     \xCD    \xA5
map     \xCE    \xA6
map     \xCF    \xA7
map     \xD0    \xA8
map     \xD1    \xA9
map     \xD2    \xAA
map     \xD3    \xAB
map     \xD4    \xAC
map     \xD5    \xAD
map     \xD6    \xAE
map     \xD7    \xAF
map     \xD8    \xF0
map     \xD9    \xF1
map     \xDA    \xF2
map     \xDB    \xF3
map     \xDC    \xF4
map     \xDD    \xF5
map     \xDE    \xF6
map     \xDF    \xF7
map     \xE0    \xE0
map     \xE1    \xE1
map     \xE2    \xE2
map     \xE3    \xE3
map     \xE4    \xE4
map     \xE5    \xE5
map     \xE6    \xE6
map     \xE7    \xE7
map     \xE8    \xE8
map     \xE9    \xE9
map     \xEA    \xEA
map     \xEB    \xEB
map     \xEC    \xEC
map     \xED    \xED
map     \xEE    \xEE
map     \xEF    \xEF
map     \xF0    \x82
map     \xF1    \x84
map     \xF2    \x87
map     \xF3    \x86
map     \xF4    \x80
map     \xF5    \x85
map     \xF6    \x83
map     \xF7    \x9B
map     \xF8    \xF8
map     \xF9    \xF9
map     \xFA    \xFA
map     \xFB    \xFB
map     \xFC    \xFC
map     \xFD    \xFD
map     \xFE    \xFE
map     \xFF    \xFF


# ----------------------------------------------------------------------------
#       Channel map for translation CP866 codes to CP1251 codes
#	(Russian language)
#
table	cp866	cp1251
map     \x80    \xF4
map     \x81    \xC3
map     \x82    \xF0
map     \x83    \xF6
map     \x84    \xF1
map     \x85    \xF5
map     \x86    \xF3
map     \x87    \xF2
map     \x88    \xB0
map     \x89    \xB1
map     \x8A    \xB2
map     \x8B    \xB3
map     \x8C    \xB4
map     \x8D    \xB5
map     \x8E    \xB6
map     \x8F    \xB7
map     \x90    \xB8
map     \x91    \xB9
map     \x92    \xBA
map     \x93    \xBB
map     \x94    \xBC
map     \x95    \xBD
map     \x96    \xBE
map     \x97    \xBF
map     \x98    \xC0
map     \x99    \xC1
map     \x9A    \xC2
map     \x9B    \xF7
map     \x9C    \xC4
map     \x9D    \xC5
map     \x9E    \xC6
map     \x9F    \xC7
map     \xA0    \xC8
map     \xA1    \xC9
map     \xA2    \xCA
map     \xA3    \xCB
map     \xA4    \xCC
map     \xA5    \xCD
map     \xA6    \xCE
map     \xA7    \xCF
map     \xA8    \xD0
map     \xA9    \xD1
map     \xAA    \xD2
map     \xAB    \xD3
map     \xAC    \xD4
map     \xAD    \xD5
map     \xAE    \xD6
map     \xAF    \xD7
map     \xB0    \xD8
map     \xB1    \xD9
map     \xB2    \xDA
map     \xB3    \xDB
map     \xB4    \xDC
map     \xB5    \xDD
map     \xB6    \xDE
map     \xB7    \xDF
map     \xB8    \xF8
map     \xB9    \xF9
map     \xBA    \xFA
map     \xBB    \xFB
map     \xBC    \xFC
map     \xBD    \xFD
map     \xBE    \xFE
map     \xBF    \xFF
map     \xC0    \x80
map     \xC1    \x81
map     \xC2    \x82
map     \xC3    \x83
map     \xC4    \x84
map     \xC5    \x85
map     \xC6    \x86
map     \xC7    \x87
map     \xC8    \x88
map     \xC9    \x89
map     \xCA    \x8A
map     \xCB    \x8B
map     \xCC    \x8C
map     \xCD    \x8D
map     \xCE    \x8E
map     \xCF    \x8F
map     \xD0    \x90
map     \xD1    \x91
map     \xD2    \x92
map     \xD3    \x93
map     \xD4    \x94
map     \xD5    \x95
map     \xD6    \x96
map     \xD7    \x97
map     \xD8    \x98
map     \xD9    \x99
map     \xDA    \x9A
map     \xDB    \x9B
map     \xDC    \x9C
map     \xDD    \x9D
map     \xDE    \x9E
map     \xDF    \x9F
map     \xE0    \xA0
map     \xE1    \xA1
map     \xE2    \xA2
map     \xE3    \xA3
map     \xE4    \xA4
map     \xE5    \xA5
map     \xE6    \xA6
map     \xE7    \xA7
map     \xE8    \xA8
map     \xE9    \xA9
map     \xEA    \xAA
map     \xEB    \xAB
map     \xEC    \xAC
map     \xED    \xAD
map     \xEE    \xAE
map     \xEF    \xAF
map     \xF0    \xE0
map     \xF1    \xE1
map     \xF2    \xE2
map     \xF3    \xE3
map     \xF4    \xE4
map     \xF5    \xE5
map     \xF6    \xE6
map     \xF7    \xE7
map     \xF8    \xE8
map     \xF9    \xE9
map     \xFA    \xEA
map     \xFB    \xEB
map     \xFC    \xEC
map     \xFD    \xED
map     \xFE    \xEE
map     \xFF    \xEF


# ----------------------------------------------------------------------------
#       Channel map for translation CP1251 codes to CP866 codes
#	(Russian language)
#	Due to fidonet wieredness, capital Russian EN translates to 
#	latin 'H'.
#
table	cp1251	cp866
map     \x80    \xC0
map     \x81    \xC1
map     \x82    \xC2
map     \x83    \xC3
map     \x84    \xC4
map     \x85    \xC5
map     \x86    \xC6
map     \x87    \xC7
map     \x88    \xC8
map     \x89    \xC9
map     \x8A    \xCA
map     \x8B    \xCB
map     \x8C    \xCC
map     \x8D    \xCD
map     \x8E    \xCE
map     \x8F    \xCF
map     \x90    \xD0
map     \x91    \xD1
map     \x92    \xD2
map     \x93    \xD3
map     \x94    \xD4
map     \x95    \xD5
map     \x96    \xD6
map     \x97    \xD7
map     \x98    \xD8
map     \x99    \xD9
map     \x9A    \xDA
map     \x9B    \xDB
map     \x9C    \xDC
map     \x9D    \xDD
map     \x9E    \xDE
map     \x9F    \xDF
map     \xA0    \xE0
map     \xA1    \xE1
map     \xA2    \xE2
map     \xA3    \xE3
map     \xA4    \xE4
map     \xA5    \xE5
map     \xA6    \xE6
map     \xA7    \xE7
map     \xA8    \xE8
map     \xA9    \xE9
map     \xAA    \xEA
map     \xAB    \xEB
map     \xAC    \xEC
map     \xAD    \xED
map     \xAE    \xEE
map     \xAF    \xEF
map     \xB0    \x88
map     \xB1    \x89
map     \xB2    \x8A
map     \xB3    \x8B
map     \xB4    \x8C
map     \xB5    \x48    #  changed for Fidonet \x8D    # N
map     \xB6    \x8E
map     \xB7    \x8F
map     \xB8    \x90
map     \xB9    \x91
map     \xBA    \x92
map     \xBB    \x93
map     \xBC    \x94
map     \xBD    \x95
map     \xBE    \x96
map     \xBF    \x97
map     \xC0    \x98
map     \xC1    \x99
map     \xC2    \x9A
map     \xC3    \x81
map     \xC4    \x9C
map     \xC5    \x9D
map     \xC6    \x9E
map     \xC7    \x9F
map     \xC8    \xA0
map     \xC9    \xA1
map     \xCA    \xA2
map     \xCB    \xA3
map     \xCC    \xA4
map     \xCD    \xA5
map     \xCE    \xA6
map     \xCF    \xA7
map     \xD0    \xA8
map     \xD1    \xA9
map     \xD2    \xAA
map     \xD3    \xAB
map     \xD4    \xAC
map     \xD5    \xAD
map     \xD6    \xAE
map     \xD7    \xAF
map     \xD8    \xB0
map     \xD9    \xB1
map     \xDA    \xB2
map     \xDB    \xB3
map     \xDC    \xB4
map     \xDD    \xB5
map     \xDE    \xB6
map     \xDF    \xB7
map     \xE0    \xF0
map     \xE1    \xF1
map     \xE2    \xF2
map     \xE3    \xF3
map     \xE4    \xF4
map     \xE5    \xF5
map     \xE6    \xF6
map     \xE7    \xF7
map     \xE8    \xF8
map     \xE9    \xF9
map     \xEA    \xFA
map     \xEB    \xFB
map     \xEC    \xFC
map     \xED    \xFD
map     \xEE    \xFE
map     \xEF    \xFF
map     \xF0    \x82
map     \xF1    \x84
map     \xF2    \x87
map     \xF3    \x86
map     \xF4    \x80
map     \xF5    \x85
map     \xF6    \x83
map     \xF7    \x9B
map     \xF8    \xB8
map     \xF9    \xB9
map     \xFA    \xBA
map     \xFB    \xBB
map     \xFC    \xBC
map     \xFD    \xBD
map     \xFE    \xBE
map     \xFF    \xBF
